Compiling 'circle.zs'
Pass 1: Parsing
Pass 2: Preprocessing
Pass 3: Registration
Pass 4: Analyzing Code
Pass 5: Generating object code
Pass 6: Assembling
Success!
Compile finished with exit code '0' (success)

PUSHR d0; void run(int, int, int, int, int) Params
PUSHR d1
PUSHR d2
PUSHR d3
PUSHR d4
PUSHR REFFFC; void run(int, int, int, int, int) Body Start
PUSHARGSR d2,0.0002
SETR d4,SP
LOADD d2,4; if() #3436 Test
COMPAREV d2,0
SETTRUEI d2
COMPAREV d2,0
GOTOTRUE 16; Test 'if'
LOADD d2,7; if() #3436 Body Start
STORED d2,4; if() #3436 Body End
LOADD d2,5; if() #3437 Test
COMPAREV d2,0
SETMORE d2
COMPAREV d2,0
SETTRUEI d2
COMPAREV d2,0
GOTOTRUE 26; Test 'if'
SETV d3,360; InlineFunc[int Rand(int)] Params AND if() #3437 Body Start
RNDR d2,d3; InlineFunc[int Rand(int)] Body
STORED d2,5; if() #3437 Body End
LOADD d2,2
PUSHR d2
POP REFFFC
SETR d2,X
STORED d2,1
LOADD d2,2
PUSHR d2
POP REFFFC
SETR d2,Y
STORED d2,0
LOADD d2,5; while(true) #3438 Body [Opt:AlwaysOn] Start
PUSHR d2
LOADD d2,6
POP d3
ADDR d2,d3
STORED d2,5
LOADD d2,5; if() #3440 Test
COMPAREV d2,-360
SETMORE d2
COMPAREV d2,0
SETTRUEI d2
COMPAREV d2,0
GOTOTRUE 53; Test 'if'
LOADD d2,5; if() #3440 Body Start
ADDV d2,360
STORED d2,5
GOTO 63; if() #3440 Body End
LOADD d2,5; if() #3442 Test AND if() #3440 Else Start
COMPAREV d2,360
SETLESS d2
COMPAREV d2,0
SETTRUEI d2
COMPAREV d2,0
GOTOTRUE 63; Test 'if'
LOADD d2,5; if() #3442 Body Start
SUBV d2,360
STORED d2,5; if() #3442 Body End
LOADD d2,3; if() #3440 Else End AND if() #3443 Test
COMPAREV d2,0
SETTRUEI d2
COMPAREV d2,0
GOTOTRUE 107; Test 'if'
LOADD d2,1; if() #3443 Body Start
PUSHR d2
LOADD d2,7
PUSHR d2
LOADD d2,5; InlineFunc[int Cos(int)] Params Start
SETR d3,d2; InlineFunc[int Cos(int)] Params End
COSR d2,d3; InlineFunc[int Cos(int)] Body
POP d3
MULTR d2,d3
POP d3
ADDR d2,d3
PUSHR d2
LOADD d2,2
POP d3
PUSHR d2
PUSHR d3
POP d2
POP REFFFC
SETR X,d2
LOADD d2,0
PUSHR d2
LOADD d2,4
PUSHR d2
LOADD d2,5; InlineFunc[int Sin(int)] Params Start
SETR d3,d2; InlineFunc[int Sin(int)] Params End
SINR d2,d3; InlineFunc[int Sin(int)] Body
POP d3
MULTR d2,d3
POP d3
ADDR d2,d3
PUSHR d2
LOADD d2,2
POP d3
PUSHR d2
PUSHR d3
POP d2
POP REFFFC
SETR Y,d2
GOTO 190; if() #3443 Body End
LOADD d2,1; if() #3443 Else Start
PUSHR d2
LOADD d2,7
PUSHR d2
LOADD d2,5; InlineFunc[int Cos(int)] Params Start
SETR d3,d2; InlineFunc[int Cos(int)] Params End
COSR d2,d3; InlineFunc[int Cos(int)] Body
POP d3
MULTR d2,d3
PUSHR d2
LOADD d2,3; InlineFunc[int Cos(int)] Params Start
SETR d3,d2; InlineFunc[int Cos(int)] Params End
COSR d2,d3; InlineFunc[int Cos(int)] Body
POP d3
MULTR d2,d3
POP d3
ADDR d2,d3
PUSHR d2
LOADD d2,4
PUSHR d2
LOADD d2,5; InlineFunc[int Sin(int)] Params Start
SETR d3,d2; InlineFunc[int Sin(int)] Params End
SINR d2,d3; InlineFunc[int Sin(int)] Body
POP d3
MULTR d2,d3
PUSHR d2
LOADD d2,3; InlineFunc[int Sin(int)] Params Start
SETR d3,d2; InlineFunc[int Sin(int)] Params End
SINR d2,d3; InlineFunc[int Sin(int)] Body
POP d3
MULTR d2,d3
POP d3
SUBR d3,d2
SETR d2,d3
PUSHR d2
LOADD d2,2
POP d3
PUSHR d2
PUSHR d3
POP d2
POP REFFFC
SETR X,d2
LOADD d2,0
PUSHR d2
LOADD d2,4
PUSHR d2
LOADD d2,5; InlineFunc[int Sin(int)] Params Start
SETR d3,d2; InlineFunc[int Sin(int)] Params End
SINR d2,d3; InlineFunc[int Sin(int)] Body
POP d3
MULTR d2,d3
PUSHR d2
LOADD d2,3; InlineFunc[int Cos(int)] Params Start
SETR d3,d2; InlineFunc[int Cos(int)] Params End
COSR d2,d3; InlineFunc[int Cos(int)] Body
POP d3
MULTR d2,d3
POP d3
ADDR d2,d3
PUSHR d2
LOADD d2,7
PUSHR d2
LOADD d2,5; InlineFunc[int Cos(int)] Params Start
SETR d3,d2; InlineFunc[int Cos(int)] Params End
COSR d2,d3; InlineFunc[int Cos(int)] Body
POP d3
MULTR d2,d3
PUSHR d2
LOADD d2,3; InlineFunc[int Sin(int)] Params Start
SETR d3,d2; InlineFunc[int Sin(int)] Params End
SINR d2,d3; InlineFunc[int Sin(int)] Body
POP d3
MULTR d2,d3
POP d3
ADDR d2,d3
PUSHR d2
LOADD d2,2
POP d3
PUSHR d2
PUSHR d3
POP d2
POP REFFFC
SETR Y,d2; if() #3443 Else End
WAITFRAME; InlineFunc[void Waitframe()] Body AND while(true) #3438 Body [Opt:AlwaysOn] End
GOTO 36; while() #3438 End
POPARGS d5,0.0008
RETURNFUNC; void run(int, int, int, int, int) Body End


QUIT; void run() Body

